
> neuralforge-client@1.0.0 build
> vite build

vite v8.0.3 building client environment for production...
[2Ktransforming...✓ 3091 modules transformed.
rendering chunks...
✗ Build failed in 878ms
error during build:
Build failed with 1 error:

[31m[MISSING_EXPORT] Error:[0m "default" is not exported by "src/pages/AuthPage.jsx".
   [38;5;246m╭[0m[38;5;246m─[0m[38;5;246m[[0m src/App.jsx:3:8 [38;5;246m][0m
   [38;5;246m│[0m
 [38;5;246m3 │[0m [38;5;249mi[0m[38;5;249mm[0m[38;5;249mp[0m[38;5;249mo[0m[38;5;249mr[0m[38;5;249mt[0m[38;5;249m [0mAuthPage[38;5;249m [0m[38;5;249mf[0m[38;5;249mr[0m[38;5;249mo[0m[38;5;249mm[0m[38;5;249m [0m[38;5;249m"[0m[38;5;249m.[0m[38;5;249m/[0m[38;5;249mp[0m[38;5;249ma[0m[38;5;249mg[0m[38;5;249me[0m[38;5;249ms[0m[38;5;249m/[0m[38;5;249mA[0m[38;5;249mu[0m[38;5;249mt[0m[38;5;249mh[0m[38;5;249mP[0m[38;5;249ma[0m[38;5;249mg[0m[38;5;249me[0m[38;5;249m"[0m[38;5;249m;[0m
 [38;5;240m  │[0m        ────┬───  
 [38;5;240m  │[0m            ╰───── Missing export
[38;5;246m───╯[0m

    at aggregateBindingErrorsIntoJsError (file:///home/igris0410/multiagent/client/node_modules/rolldown/dist/shared/error-BLhcSyeg.mjs:48:18)
    at unwrapBindingResult (file:///home/igris0410/multiagent/client/node_modules/rolldown/dist/shared/error-BLhcSyeg.mjs:18:128)
    at #build (file:///home/igris0410/multiagent/client/node_modules/rolldown/dist/shared/rolldown-build-CPrIX9V6.mjs:3313:34)
    at async buildEnvironment (file:///home/igris0410/multiagent/client/node_modules/vite/dist/node/chunks/node.js:32849:64)
    at async Object.build (file:///home/igris0410/multiagent/client/node_modules/vite/dist/node/chunks/node.js:33271:19)
    at async Object.buildApp (file:///home/igris0410/multiagent/client/node_modules/vite/dist/node/chunks/node.js:33268:153)
    at async CAC.<anonymous> (file:///home/igris0410/multiagent/client/node_modules/vite/dist/node/cli.js:778:3) {
  errors: [Getter/Setter]
}
